// Jest Snapshot v1, https://goo.gl/fbAQLP

exports[`should render NotFoundPage correctly 1`] = `
<div
  className="_404RouteWrapper"
>
  <p>
    404 error, baby! 
    <Link
      to="/"
    >
      Go home now.
    </Link>
  </p>
</div>
`;
